// Jest Snapshot v1, https://goo.gl/fbAQLP

exports[`component: Home renders Home component 1`] = `
<div>
  <div
    className="container"
  >
    <div
      className="intro"
    >
      <h1>
        Hellobooks Library
      </h1>
      <p>
        Hello books allows you to borrow books that have been gathered from different part of the  world. Finding books of your choice just got easier with us
      </p>
      <div
        className="row"
      >
        <div
          className="col s12 m12 l6"
        />
        <div
          className="col s12 m12 l6"
        />
      </div>
    </div>
  </div>
</div>
`;
